acpi
alsa-firmware
alsa-plugins
alsa-utils
arandr
archlinux-xdg-menu
autotiling
b43-fwcutter
base
bat
bibtool
blueman
bluez-utils
citations
dex
downgrade
duf
dunst
efitools
endeavouros-keyring
endeavouros-mirrorlist
endeavouros-xfce4-terminal-colors
eos-apps-info
eos-dracut
eos-hooks
eos-lightdm-slick-theme
eos-log-tool
eos-packagelist
eos-rankmirrors
eos-settings-i3wm
ethtool
feh
firefox
galculator
glances
grub
gst-plugins-ugly
haveged
hdparm
hwdetect
hwinfo
i3blocks
inetutils
intel-ucode
jfsutils
jq
libwnck3
linux-headers
linux-lts
linux-lts-headers
logrotate
lsb-release
lsd
lsscsi
man-db
man-pages
mpv
mupdf
nano-syntax-highlighting
neovim
netctl
network-manager-applet
networkmanager-openconnect
networkmanager-openvpn
nitrogen
ntp
nwg-look
pavucontrol
picom
pkgfile
playerctl
polkit-gnome
polybar
power-profiles-daemon
pv
rebuild-detector
reiserfsprogs
scrot
sg3_utils
sof-firmware
starship
stow
sysstat
texlive-bibtexextra
texlive-binextra
texlive-context
texlive-fontsextra
texlive-latexextra
texlive-luatex
texlive-mathscience
texlive-xetex
tldr
ttf-jetbrains-mono
ttf-opensans
vi
vlc
welcome
xbindkeys
xdg-user-dirs-gtk
xed
xl2tpd
xorg-xbacklight
xorg-xinit
xorg-xinput
xorg-xkill
xsensors
